../Core/Src/main.c:63:6:delay	16	static
../Core/Src/main.c:70:6:Display_Temp	40	static
../Core/Src/main.c:80:6:Display_Rh	40	static
../Core/Src/main.c:122:6:DHT11_Start	8	static
../Core/Src/main.c:133:9:DHT11_Check_Response	16	static
../Core/Src/main.c:148:9:DHT11_Read	16	static
../Core/Src/main.c:168:5:main	8	static
../Core/Src/main.c:234:6:SystemClock_Config	72	static
../Core/Src/main.c:274:13:MX_I2C1_Init	8	static
../Core/Src/main.c:308:13:MX_TIM2_Init	32	static
../Core/Src/main.c:353:13:MX_GPIO_Init	40	static
../Core/Src/main.c:386:6:Error_Handler	4	static,ignoring_inline_asm
